// Jest Snapshot v1, https://goo.gl/fbAQLP

exports[`add bike modal renders correctly 1`] = `<span />`;
