// Jest Snapshot v1, https://goo.gl/fbAQLP

exports[`add member modal renders correctly 1`] = `<span />`;
