// Jest Snapshot v1, https://goo.gl/fbAQLP

exports[`delete alert renders correctly 1`] = `[Function]`;
