// Jest Snapshot v1, https://goo.gl/fbAQLP

exports[`edit bike modal renders correctly 1`] = `<span />`;
