// Jest Snapshot v1, https://goo.gl/fbAQLP

exports[`renders correctly 1`] = `
<EventCalendar
  events={
    Array [
      Object {
        "end": 2022-02-09T05:10:00.000Z,
        "start": 2022-02-08T05:10:00.000Z,
        "title": "Test Event",
        "type": "Testing",
      },
    ]
  }
/>
`;
