// Jest Snapshot v1, https://goo.gl/fbAQLP

exports[`renders correctly 1`] = `
<div
  className="css-gmuwbf"
>
  <h2
    className="chakra-heading css-0"
  >
    Hi, 
    <h2
      className="chakra-heading css-11haukf"
    >
      Martin
      !
    </h2>
  </h2>
</div>
`;
