// Jest Snapshot v1, https://goo.gl/fbAQLP

exports[`Member List component renders correctly 1`] = `
<DocumentFragment>
  <div>
    <div
      class="sc-dlVxhl fSQziN"
    >
      <div
        class="sc-fKVqWL XlRpR"
      >
        <div
          class="sc-bdvvtL hLGqlg rdt_Table"
          role="table"
        >
          <div
            class="sc-gsDKAQ fbhklE rdt_TableHead"
            role="rowgroup"
          >
            <div
              class="sc-dkPtRN hCBnvI rdt_TableHeadRow"
              role="row"
            >
              <div
                class="sc-hKwDye sc-eCImPb sc-iqseJM crvHGE fvAeSn iwmeYY rdt_TableCol"
                data-column-id="1"
              >
                <div
                  class="sc-crHmcD fFBlx rdt_TableCol_Sortable"
                  data-column-id="1"
                  data-sort-id="1"
                  role="columnheader"
                  tabindex="0"
                >
                  <div
                    class="sc-egiyK lnndaO"
                    data-column-id="1"
                  >
                    Name
                  </div>
                  <span
                    class="sc-kDTinF gqExIP"
                  >
                    ▲
                  </span>
                </div>
              </div>
              <div
                class="sc-hKwDye sc-eCImPb sc-iqseJM crvHGE fvAeSn iwmeYY rdt_TableCol"
                data-column-id="2"
              >
                <div
                  class="sc-crHmcD fFBlx rdt_TableCol_Sortable"
                  data-column-id="2"
                  data-sort-id="2"
                  role="columnheader"
                  tabindex="0"
                >
                  <div
                    class="sc-egiyK lnndaO"
                    data-column-id="2"
                  >
                    Role
                  </div>
                  <span
                    class="sc-kDTinF gqExIP"
                  >
                    ▲
                  </span>
                </div>
              </div>
            </div>
          </div>
          <div
            class="sc-hGPBjI fuBVgf rdt_TableBody"
            role="rowgroup"
          >
            <div
              class="sc-jrQzAO kCxImp rdt_TableRow"
              id="row-0"
              role="row"
            >
              <div
                class="sc-hKwDye sc-eCImPb sc-jRQBWg fDgsXD fvAeSn bsgpsK rdt_TableCell"
                data-column-id="1"
                data-tag="allowRowEvents"
                id="cell-1-undefined"
                role="gridcell"
              >
                <div
                  data-tag="allowRowEvents"
                >
                  Squeak Trainywhel
                </div>
              </div>
              <div
                class="sc-hKwDye sc-eCImPb sc-jRQBWg fDgsXD fvAeSn bsgpsK rdt_TableCell"
                data-column-id="2"
                data-tag="allowRowEvents"
                id="cell-2-undefined"
                role="gridcell"
              >
                <div
                  data-tag="allowRowEvents"
                >
                  Admin
                </div>
              </div>
            </div>
            <div
              class="sc-jrQzAO kCxImp rdt_TableRow"
              id="row-1"
              role="row"
            >
              <div
                class="sc-hKwDye sc-eCImPb sc-jRQBWg fDgsXD fvAeSn bsgpsK rdt_TableCell"
                data-column-id="1"
                data-tag="allowRowEvents"
                id="cell-1-undefined"
                role="gridcell"
              >
                <div
                  data-tag="allowRowEvents"
                >
                  Isobel Jennery
                </div>
              </div>
              <div
                class="sc-hKwDye sc-eCImPb sc-jRQBWg fDgsXD fvAeSn bsgpsK rdt_TableCell"
                data-column-id="2"
                data-tag="allowRowEvents"
                id="cell-2-undefined"
                role="gridcell"
              >
                <div
                  data-tag="allowRowEvents"
                >
                  Membership Admin
                </div>
              </div>
            </div>
          </div>
        </div>
      </div>
    </div>
    <div>
      <nav
        class="sc-iJKOTD bhoXfZ rdt_Pagination"
      >
        <span
          class="sc-bYoBSM sc-ikJyIC fXzwgx bWTWQu"
        >
          Rows per page:
        </span>
        <div
          class="sc-llYSUQ fQmYxz"
        >
          <select
            aria-label="Rows per page:"
            class="sc-cxpSdN fWWeYy"
          >
            <option
              selected=""
              value="10"
            >
              10
            </option>
            <option
              value="15"
            >
              15
            </option>
            <option
              value="20"
            >
              20
            </option>
            <option
              value="25"
            >
              25
            </option>
            <option
              value="30"
            >
              30
            </option>
          </select>
          <svg
            height="24"
            viewBox="0 0 24 24"
            width="24"
            xmlns="http://www.w3.org/2000/svg"
          >
            <path
              d="M7 10l5 5 5-5z"
            />
            <path
              d="M0 0h24v24H0z"
              fill="none"
            />
          </svg>
        </div>
        <span
          class="sc-bYoBSM sc-kLwhqv fXzwgx emVwZU"
        >
          1-2 of 2
        </span>
        <div
          class="sc-ezbkAF kNbUsB"
        >
          <button
            aria-disabled="true"
            aria-label="First Page"
            class="sc-giYglK gPLhoV"
            disabled=""
            id="pagination-first-page"
            type="button"
          >
            <svg
              aria-hidden="true"
              height="24"
              role="presentation"
              viewBox="0 0 24 24"
              width="24"
              xmlns="http://www.w3.org/2000/svg"
            >
              <path
                d="M18.41 16.59L13.82 12l4.59-4.59L17 6l-6 6 6 6zM6 6h2v12H6z"
              />
              <path
                d="M24 24H0V0h24v24z"
                fill="none"
              />
            </svg>
          </button>
          <button
            aria-disabled="true"
            aria-label="Previous Page"
            class="sc-giYglK gPLhoV"
            disabled=""
            id="pagination-previous-page"
            type="button"
          >
            <svg
              aria-hidden="true"
              height="24"
              role="presentation"
              viewBox="0 0 24 24"
              width="24"
              xmlns="http://www.w3.org/2000/svg"
            >
              <path
                d="M15.41 7.41L14 6l-6 6 6 6 1.41-1.41L10.83 12z"
              />
              <path
                d="M0 0h24v24H0z"
                fill="none"
              />
            </svg>
          </button>
          <button
            aria-disabled="true"
            aria-label="Next Page"
            class="sc-giYglK gPLhoV"
            disabled=""
            id="pagination-next-page"
            type="button"
          >
            <svg
              aria-hidden="true"
              height="24"
              role="presentation"
              viewBox="0 0 24 24"
              width="24"
              xmlns="http://www.w3.org/2000/svg"
            >
              <path
                d="M10 6L8.59 7.41 13.17 12l-4.58 4.59L10 18l6-6z"
              />
              <path
                d="M0 0h24v24H0z"
                fill="none"
              />
            </svg>
          </button>
          <button
            aria-disabled="true"
            aria-label="Last Page"
            class="sc-giYglK gPLhoV"
            disabled=""
            id="pagination-last-page"
            type="button"
          >
            <svg
              aria-hidden="true"
              height="24"
              role="presentation"
              viewBox="0 0 24 24"
              width="24"
              xmlns="http://www.w3.org/2000/svg"
            >
              <path
                d="M5.59 7.41L10.18 12l-4.59 4.59L7 18l6-6-6-6zM16 6h2v12h-2z"
              />
              <path
                d="M0 0h24v24H0V0z"
                fill="none"
              />
            </svg>
          </button>
        </div>
      </nav>
    </div>
  </div>
</DocumentFragment>
`;
