// Jest Snapshot v1, https://goo.gl/fbAQLP

exports[`member summary modal renders all props correctly 1`] = `
<div>
  <button
    className="chakra-button css-1igmqd6"
    onClick={[Function]}
    type="button"
  >
    Member Summary Modal
  </button>
</div>
`;
