// Jest Snapshot v1, https://goo.gl/fbAQLP

exports[`selected event modal renders all props correctly 1`] = `<span />`;
