// Jest Snapshot v1, https://goo.gl/fbAQLP

exports[`renders all props correctly 1`] = `<span />`;

exports[`sign up modal renders all props correctly 1`] = `<span />`;
